#-----------------------------------------------------------
# Webtalk v2018.1 (64-bit)
# SW Build 2188600 on Wed Apr  4 18:40:38 MDT 2018
# IP Build 2185939 on Wed Apr  4 20:55:05 MDT 2018
# Start of session at: Thu Jun  8 05:40:46 2023
# Process ID: 17404
# Current directory: C:/Users/RAMINDU/Desktop/2nd sem/Computer Organization and Digital Design/Week 10/Lab 9-10/Nanoprocessor/4-bit Add_Subtract unit/Adder+Subtractor/ASU_4bit.sim/sim_1/impl/timing/xsim
# Command line: wbtcv.exe -mode batch -source C:/Users/RAMINDU/Desktop/2nd sem/Computer Organization and Digital Design/Week 10/Lab 9-10/Nanoprocessor/4-bit Add_Subtract unit/Adder+Subtractor/ASU_4bit.sim/sim_1/impl/timing/xsim/xsim.dir/TB_ASU_4bit_time_impl/webtalk/xsim_webtalk.tcl -notrace
# Log file: C:/Users/RAMINDU/Desktop/2nd sem/Computer Organization and Digital Design/Week 10/Lab 9-10/Nanoprocessor/4-bit Add_Subtract unit/Adder+Subtractor/ASU_4bit.sim/sim_1/impl/timing/xsim/webtalk.log
# Journal file: C:/Users/RAMINDU/Desktop/2nd sem/Computer Organization and Digital Design/Week 10/Lab 9-10/Nanoprocessor/4-bit Add_Subtract unit/Adder+Subtractor/ASU_4bit.sim/sim_1/impl/timing/xsim\webtalk.jou
#-----------------------------------------------------------
source C:/Users/RAMINDU/Desktop/2nd -notrace
