#-----------------------------------------------------------
# Vivado v2018.1 (64-bit)
# SW Build 2188600 on Wed Apr  4 18:40:38 MDT 2018
# IP Build 2185939 on Wed Apr  4 20:55:05 MDT 2018
# Start of session at: Thu Jun  8 05:37:31 2023
# Process ID: 23172
# Current directory: C:/Users/RAMINDU/Desktop/2nd sem/Computer Organization and Digital Design/Week 10/Lab 9-10/Nanoprocessor/4-bit Add_Subtract unit/Adder+Subtractor/ASU_4bit.runs/impl_1
# Command line: vivado.exe -log ASU_4bit.vdi -applog -product Vivado -messageDb vivado.pb -mode batch -source ASU_4bit.tcl -notrace
# Log file: C:/Users/RAMINDU/Desktop/2nd sem/Computer Organization and Digital Design/Week 10/Lab 9-10/Nanoprocessor/4-bit Add_Subtract unit/Adder+Subtractor/ASU_4bit.runs/impl_1/ASU_4bit.vdi
# Journal file: C:/Users/RAMINDU/Desktop/2nd sem/Computer Organization and Digital Design/Week 10/Lab 9-10/Nanoprocessor/4-bit Add_Subtract unit/Adder+Subtractor/ASU_4bit.runs/impl_1\vivado.jou
#-----------------------------------------------------------
source ASU_4bit.tcl -notrace
