#-----------------------------------------------------------
# Webtalk v2018.1 (64-bit)
# SW Build 2188600 on Wed Apr  4 18:40:38 MDT 2018
# IP Build 2185939 on Wed Apr  4 20:55:05 MDT 2018
# Start of session at: Sun Jun  4 15:38:55 2023
# Process ID: 15420
# Current directory: C:/Users/RAMINDU/Desktop/2nd sem/Computer Organization and Digital Design/Week 10/Lab 9-10/Nanoprocessor/k-way b-bit Multiplexers/8-way 4-bit Multiplexer/MUX_8way_4bit.sim/sim_1/synth/func/xsim
# Command line: wbtcv.exe -mode batch -source C:/Users/RAMINDU/Desktop/2nd sem/Computer Organization and Digital Design/Week 10/Lab 9-10/Nanoprocessor/k-way b-bit Multiplexers/8-way 4-bit Multiplexer/MUX_8way_4bit.sim/sim_1/synth/func/xsim/xsim.dir/TB_MUX_8way_4bit_func_synth/webtalk/xsim_webtalk.tcl -notrace
# Log file: C:/Users/RAMINDU/Desktop/2nd sem/Computer Organization and Digital Design/Week 10/Lab 9-10/Nanoprocessor/k-way b-bit Multiplexers/8-way 4-bit Multiplexer/MUX_8way_4bit.sim/sim_1/synth/func/xsim/webtalk.log
# Journal file: C:/Users/RAMINDU/Desktop/2nd sem/Computer Organization and Digital Design/Week 10/Lab 9-10/Nanoprocessor/k-way b-bit Multiplexers/8-way 4-bit Multiplexer/MUX_8way_4bit.sim/sim_1/synth/func/xsim\webtalk.jou
#-----------------------------------------------------------
source C:/Users/RAMINDU/Desktop/2nd -notrace
